// Jest Snapshot v1, https://goo.gl/fbAQLP

exports[`Select Should render correctly 1`] = `
<View>
  <View>
    <View>
      <RCTPicker
        items={
          Array [
            Object {
              "label": "test",
              "textColor": undefined,
              "value": "test",
            },
          ]
        }
        onChange={[Function]}
        onResponderTerminationRequest={[Function]}
        onStartShouldSetResponder={[Function]}
        selectedIndex={0}
        style={
          Array [
            Object {
              "height": 216,
            },
            undefined,
          ]
        }
      />
    </View>
  </View>
</View>
`;
